// Jest Snapshot v1, https://goo.gl/fbAQLP

exports[`ViewFunctionParam should render 1`] = `null`;
