// Jest Snapshot v1, https://goo.gl/fbAQLP

exports[`ViewRouter should render 1`] = `null`;
