// Jest Snapshot v1, https://goo.gl/fbAQLP

exports[`ViewExpression should render 1`] = `
<div>
  <h1>
    Expression: 
  </h1>
  <div>
    <ul>
      
    </ul>
  </div>
  <Inject
    component="FileAnalytics"
    path={undefined}
  />
</div>
`;
