// Jest Snapshot v1, https://goo.gl/fbAQLP

exports[`Files should render 1`] = `
<div>
  <h2 />
</div>
`;
