// Jest Snapshot v1, https://goo.gl/fbAQLP

exports[`PanelDependencies should render 1`] = `null`;
