// Jest Snapshot v1, https://goo.gl/fbAQLP

exports[`ViewFile should render 1`] = `null`;
