// Jest Snapshot v1, https://goo.gl/fbAQLP

exports[`ViewComponent should render 1`] = `
<div>
  <button
    className="btn btn-danger pull-right"
    onClick={[Function]}
  >
    Delete
  </button>
  <h1 />
  <Inject
    component="Files"
    componentId="component"
  />
</div>
`;
