// Jest Snapshot v1, https://goo.gl/fbAQLP

exports[`PanelExports should render 1`] = `null`;
