// Jest Snapshot v1, https://goo.gl/fbAQLP

exports[`ViewSaga should render 1`] = `
<div>
  <h1>
    Saga: 
  </h1>
  <div>
    <ul />
  </div>
  <Inject
    component="FileAnalytics"
    path={undefined}
  />
</div>
`;
